// Jest Snapshot v1, https://goo.gl/fbAQLP

exports[`Filter snapshot test 1`] = `
Array [
  <div
    className="selector"
  >
    <span
      className="label"
    >
      Currency
    </span>
    <select
      className="category"
      onChange={[Function]}
    >
      <option
        value="aed"
      >
        AED
      </option>
      <option
        value="ars"
      >
        ARS
      </option>
      <option
        value="aud"
      >
        AUD
      </option>
      <option
        value="bch"
      >
        BCH
      </option>
      <option
        value="bdt"
      >
        BDT
      </option>
      <option
        value="bhd"
      >
        BHD
      </option>
      <option
        value="bmd"
      >
        BMD
      </option>
      <option
        value="bnb"
      >
        BNB
      </option>
      <option
        value="brl"
      >
        BRL
      </option>
      <option
        value="btc"
      >
        BTC
      </option>
      <option
        value="cad"
      >
        CAD
      </option>
      <option
        value="chf"
      >
        CHF
      </option>
      <option
        value="clp"
      >
        CLP
      </option>
      <option
        value="cny"
      >
        CNY
      </option>
      <option
        value="czk"
      >
        CZK
      </option>
      <option
        value="dkk"
      >
        DKK
      </option>
      <option
        value="dot"
      >
        DOT
      </option>
      <option
        value="eos"
      >
        EOS
      </option>
      <option
        value="eth"
      >
        ETH
      </option>
      <option
        value="eur"
      >
        EUR
      </option>
      <option
        value="gbp"
      >
        GBP
      </option>
      <option
        value="hkd"
      >
        HKD
      </option>
      <option
        value="huf"
      >
        HUF
      </option>
      <option
        value="idr"
      >
        IDR
      </option>
      <option
        value="ils"
      >
        ILS
      </option>
      <option
        value="inr"
      >
        INR
      </option>
      <option
        value="jpy"
      >
        JPY
      </option>
      <option
        value="krw"
      >
        KRW
      </option>
      <option
        value="kwd"
      >
        KWD
      </option>
      <option
        value="lkr"
      >
        LKR
      </option>
      <option
        value="ltc"
      >
        LTC
      </option>
      <option
        value="mmk"
      >
        MMK
      </option>
      <option
        value="mxn"
      >
        MXN
      </option>
      <option
        value="myr"
      >
        MYR
      </option>
      <option
        value="ngn"
      >
        NGN
      </option>
      <option
        value="nok"
      >
        NOK
      </option>
      <option
        value="nzd"
      >
        NZD
      </option>
      <option
        value="php"
      >
        PHP
      </option>
      <option
        value="pkr"
      >
        PKR
      </option>
      <option
        value="pln"
      >
        PLN
      </option>
      <option
        value="rub"
      >
        RUB
      </option>
      <option
        value="sar"
      >
        SAR
      </option>
      <option
        value="sek"
      >
        SEK
      </option>
      <option
        value="sgd"
      >
        SGD
      </option>
      <option
        value="thb"
      >
        THB
      </option>
      <option
        value="try"
      >
        TRY
      </option>
      <option
        value="twd"
      >
        TWD
      </option>
      <option
        value="uah"
      >
        UAH
      </option>
      <option
        value="usd"
      >
        USD
      </option>
      <option
        value="vef"
      >
        VEF
      </option>
      <option
        value="vnd"
      >
        VND
      </option>
      <option
        value="xag"
      >
        XAG
      </option>
      <option
        value="xau"
      >
        XAU
      </option>
      <option
        value="xdr"
      >
        XDR
      </option>
      <option
        value="xlm"
      >
        XLM
      </option>
      <option
        value="xrp"
      >
        XRP
      </option>
      <option
        value="yfi"
      >
        YFI
      </option>
      <option
        value="zar"
      >
        ZAR
      </option>
      <option
        value="bits"
      >
        BITS
      </option>
      <option
        value="link"
      >
        LINK
      </option>
      <option
        value="sats"
      >
        SATS
      </option>
    </select>
  </div>,
  <div
    className="container"
  >
    <div
      onClick={[Function]}
      onKeyPress={[Function]}
      role="button"
      tabIndex={0}
    >
      Coin
      <span>
        ↑↓
      </span>
    </div>
    <div
      onClick={[Function]}
      onKeyPress={[Function]}
      role="button"
      tabIndex={0}
    >
      Price
      <span>
        ↑↓
      </span>
    </div>
    <div
      onClick={[Function]}
      onKeyPress={[Function]}
      role="button"
      tabIndex={0}
    >
      Market Cap
      <span>
        ↑↓
      </span>
    </div>
    <div
      onClick={[Function]}
      onKeyPress={[Function]}
      role="button"
      tabIndex={0}
    >
      Total Volume
      <span>
        ↑↓
      </span>
    </div>
    <div
      onClick={[Function]}
      onKeyPress={[Function]}
      role="button"
      tabIndex={0}
    >
      24H
      <span>
        ↑↓
      </span>
    </div>
    <div
      onClick={[Function]}
      onKeyPress={[Function]}
      role="button"
      tabIndex={0}
    >
      7D
      <span>
        ↑↓
      </span>
    </div>
  </div>,
]
`;
